docker
run
--rm
--platform
linux/amd64
--network
none
-v
d:/bin/debark-linux-amd64:/debark:ro
-v
d:/work/snapshot.json:/snapshot/snapshot.json:ro
-v
d:/snap/files:/snapshot/files:ro
-v
d:/work:/work
-v
d:/work/closedworld-archives:/archives
-v
d:/bundle/repo:/bundlerepo:ro
docker.io/library/debian:bookworm-slim@sha256:1111111111111111111111111111111111111111111111111111111111111111
/debark
resolve
--snapshot
/snapshot
--archives
/archives
--work
/work
--plan-out
/work/plan.json
--backend
local
--external-repo
/bundlerepo
--external-name
jq
--external-name
tree
--recommends=true
--arch
amd64
--json
