docker
run
--rm
--platform
linux/arm64
-v
d:/bin/debark-linux-arm64:/debark:ro
-v
d:/work/container-snapshot/snapshot.json:/snapshot/snapshot.json:ro
-v
d:/snap/files:/snapshot/files:ro
-v
d:/work:/work
-v
d:/archives:/archives
-v
d:/external:/external:ro
docker.io/library/debian:bookworm-slim@sha256:1111111111111111111111111111111111111111111111111111111111111111
/debark
resolve
--snapshot
/snapshot
--archives
/archives
--work
/work
--plan-out
/work/plan.json
--backend
local
--package
jq
--package
tree
--external-repo
/external
--external-name
mytool
--recommends=true
--arch
arm64
--approved-key
AAAA000000000000000000000000000000AAAA
--json-events
-
--json
